This is pdfTeX, Version 3.14159265-2.6-1.40.20 (TeX Live 2019/Debian) (preloaded format=pdflatex 2025.4.28)  15 JUN 2025 13:02
entering extended mode
 restricted \write18 enabled.
 file:line:error style messages enabled.
 %&-line parsing enabled.
**/media/xxx/233-3/PycharmProjects/TRINUE/docs/paper_zh.tex
(/media/xxx/233-3/PycharmProjects/TRINUE/docs/paper_zh.tex
LaTeX2e <2020-02-02> patch level 2
L3 programming layer <2020-02-14> (/usr/share/texlive/texmf-dist/tex/latex/base/article.cls
Document Class: article 2019/12/20 v1.4l Standard LaTeX document class
(/usr/share/texlive/texmf-dist/tex/latex/base/size10.clo
File: size10.clo 2019/12/20 v1.4l Standard LaTeX file (size option)
)
\c@part=\count167
\c@section=\count168
\c@subsection=\count169
\c@subsubsection=\count170
\c@paragraph=\count171
\c@subparagraph=\count172
\c@figure=\count173
\c@table=\count174
\abovecaptionskip=\skip47
\belowcaptionskip=\skip48
\bibindent=\dimen134
) (/usr/share/texlive/texmf-dist/tex/latex/ctex/ctex.sty (/usr/share/texlive/texmf-dist/tex/latex/l3kernel/expl3.sty
Package: expl3 2020-02-14 L3 programming layer (loader) 
 (/usr/share/texlive/texmf-dist/tex/latex/l3backend/l3backend-pdfmode.def
File: l3backend-pdfmode.def 2020-02-03 L3 backend support: PDF mode
\l__kernel_color_stack_int=\count175
\l__pdf_internal_box=\box45
))
Package: ctex 2019/05/29 v2.4.16 Chinese adapter in LaTeX (CTEX)
 (/usr/share/texlive/texmf-dist/tex/latex/l3packages/xparse/xparse.sty
Package: xparse 2020-02-14 L3 Experimental document command parser
\l__xparse_current_arg_int=\count176
\g__xparse_grabber_int=\count177
\l__xparse_m_args_int=\count178
\l__xparse_v_nesting_int=\count179
) (/usr/share/texlive/texmf-dist/tex/latex/l3packages/l3keys2e/l3keys2e.sty
Package: l3keys2e 2020-02-14 LaTeX2e option processing using LaTeX3 keys
) (/usr/share/texlive/texmf-dist/tex/latex/ctex/ctexhook.sty
Package: ctexhook 2019/05/29 v2.4.16 Document and package hooks (CTEX)
) (/usr/share/texlive/texmf-dist/tex/latex/ctex/ctexpatch.sty
Package: ctexpatch 2019/05/29 v2.4.16 Patching commands (CTEX)
) (/usr/share/texlive/texmf-dist/tex/latex/base/fix-cm.sty
Package: fix-cm 2015/01/14 v1.1t fixes to LaTeX
 (/usr/share/texlive/texmf-dist/tex/latex/base/ts1enc.def
File: ts1enc.def 2001/06/05 v3.0e (jk/car/fm) Standard LaTeX file
LaTeX Font Info:    Redeclaring font encoding TS1 on input line 47.
)) (/usr/share/texlive/texmf-dist/tex/latex/ms/everysel.sty
Package: everysel 2011/10/28 v1.2 EverySelectfont Package (MS)
)
\l__ctex_tmp_int=\count180
\l__ctex_tmp_box=\box46
\l__ctex_tmp_dim=\dimen135
\g__ctex_section_depth_int=\count181
\g__ctex_font_size_int=\count182
 (/usr/share/texlive/texmf-dist/tex/latex/ctex/config/ctexopts.cfg
File: ctexopts.cfg 2019/05/29 v2.4.16 Option configuration file (CTEX)
) (/usr/share/texlive/texmf-dist/tex/latex/ctex/engine/ctex-engine-pdftex.def
File: ctex-engine-pdftex.def 2019/05/29 v2.4.16 (pdf)LaTeX adapter (CTEX)
 (/usr/share/texmf/tex/latex/CJK/CJKutf8.sty
Package: CJKutf8 2015/04/18 4.8.4
 (/usr/share/texlive/texmf-dist/tex/generic/iftex/ifpdf.sty
Package: ifpdf 2019/10/25 v3.4 ifpdf legacy package. Use iftex instead.
 (/usr/share/texlive/texmf-dist/tex/generic/iftex/iftex.sty
Package: iftex 2019/11/07 v1.0c TeX engine tests
)) (/usr/share/texlive/texmf-dist/tex/latex/base/inputenc.sty
Package: inputenc 2018/08/11 v1.3c Input encoding file
\inpenc@prehook=\toks14
\inpenc@posthook=\toks15
) (/usr/share/texmf/tex/latex/CJK/CJK.sty
Package: CJK 2015/04/18 4.8.4
 (/usr/share/texmf/tex/latex/CJK/mule/MULEenc.sty
Package: MULEenc 2015/04/18 4.8.4
) (/usr/share/texmf/tex/latex/CJK/CJK.enc
File: CJK.enc 2015/04/18 4.8.4
Now handling font encoding C00 ...
... no UTF-8 mapping file for font encoding C00
Now handling font encoding C05 ...
... no UTF-8 mapping file for font encoding C05
Now handling font encoding C09 ...
... no UTF-8 mapping file for font encoding C09
Now handling font encoding C10 ...
... no UTF-8 mapping file for font encoding C10
Now handling font encoding C20 ...
... no UTF-8 mapping file for font encoding C20
Now handling font encoding C19 ...
... no UTF-8 mapping file for font encoding C19
Now handling font encoding C40 ...
... no UTF-8 mapping file for font encoding C40
Now handling font encoding C42 ...
... no UTF-8 mapping file for font encoding C42
Now handling font encoding C43 ...
... no UTF-8 mapping file for font encoding C43
Now handling font encoding C50 ...
... no UTF-8 mapping file for font encoding C50
Now handling font encoding C52 ...
... no UTF-8 mapping file for font encoding C52
Now handling font encoding C49 ...
... no UTF-8 mapping file for font encoding C49
Now handling font encoding C60 ...
... no UTF-8 mapping file for font encoding C60
Now handling font encoding C61 ...
... no UTF-8 mapping file for font encoding C61
Now handling font encoding C63 ...
... no UTF-8 mapping file for font encoding C63
Now handling font encoding C64 ...
... no UTF-8 mapping file for font encoding C64
Now handling font encoding C65 ...
... no UTF-8 mapping file for font encoding C65
Now handling font encoding C70 ...
... no UTF-8 mapping file for font encoding C70
Now handling font encoding C31 ...
... no UTF-8 mapping file for font encoding C31
Now handling font encoding C32 ...
... no UTF-8 mapping file for font encoding C32
Now handling font encoding C33 ...
... no UTF-8 mapping file for font encoding C33
Now handling font encoding C34 ...
... no UTF-8 mapping file for font encoding C34
Now handling font encoding C35 ...
... no UTF-8 mapping file for font encoding C35
Now handling font encoding C36 ...
... no UTF-8 mapping file for font encoding C36
Now handling font encoding C37 ...
... no UTF-8 mapping file for font encoding C37
Now handling font encoding C80 ...
... no UTF-8 mapping file for font encoding C80
Now handling font encoding C81 ...
... no UTF-8 mapping file for font encoding C81
Now handling font encoding C01 ...
... no UTF-8 mapping file for font encoding C01
Now handling font encoding C11 ...
... no UTF-8 mapping file for font encoding C11
Now handling font encoding C21 ...
... no UTF-8 mapping file for font encoding C21
Now handling font encoding C41 ...
... no UTF-8 mapping file for font encoding C41
Now handling font encoding C62 ...
... no UTF-8 mapping file for font encoding C62
)
LaTeX Info: Redefining \selectfont on input line 755.
\CJK@indent=\box47
) (/usr/share/texlive/texmf-dist/tex/latex/base/fontenc.sty
Package: fontenc 2020/02/11 v2.0o Standard LaTeX package
)) (/usr/share/texlive/texmf-dist/tex/latex/cjkpunct/CJKpunct.sty
Package: CJKpunct 2016/05/14 4.8.4
\CJKpunct@cnta=\count183
\CJKpunct@cntb=\count184
\CJKpunct@cntc=\count185
\CJKpunct@cntd=\count186
\CJKpunct@cnte=\count187
   defining Unicode char U+2018 (decimal 8216)
   defining Unicode char U+2019 (decimal 8217)
   defining Unicode char U+201C (decimal 8220)
   defining Unicode char U+201D (decimal 8221)
   defining Unicode char U+2014 (decimal 8212)
   defining Unicode char U+2026 (decimal 8230)
 (/usr/share/texlive/texmf-dist/tex/latex/cjkpunct/CJKpunct.spa)) (/usr/share/texmf/tex/latex/CJK/CJKspace.sty
Package: CJKspace 2015/04/18 3.8.0
) (/usr/share/texlive/texmf-dist/tex/latex/ctex/ctexspa.def
File: ctexspa.def 2019/05/29 v2.4.16 Space info for CJKpunct (CTEX)
) (/usr/share/texmf/tex/latex/CJK/CJKfntef.sty
Package: CJKfntef 2015/04/18 4.8.4
 (/usr/share/texmf/tex/latex/CJK/CJKulem.sty
Package: CJKulem 2015/04/18 4.8.4
 (/usr/share/texlive/texmf-dist/tex/generic/ulem/ulem.sty
\UL@box=\box48
\UL@hyphenbox=\box49
\UL@skip=\skip49
\UL@hook=\toks16
\UL@height=\dimen136
\UL@pe=\count188
\UL@pixel=\dimen137
\ULC@box=\box50
Package: ulem 2019/11/18
\ULdepth=\dimen138
)
\UL@lastkern=\dimen139
\CJK@skip=\skip50
)
\CJK@fntefSkip=\skip51
\CJK@nest=\count189
\CJK@fntefDimen=\dimen140
\CJK@underdotBox=\box51
\CJK@ULbox=\box52
\CJK@underanyskip=\dimen141
)
\ccwd=\dimen142
\l__ctex_ccglue_skip=\skip52
)
\l__ctex_ziju_dim=\dimen143
 (/usr/share/texlive/texmf-dist/tex/latex/zhnumber/zhnumber.sty
Package: zhnumber 2019/04/07 v2.7 Typesetting numbers with Chinese glyphs
\l__zhnum_scale_int=\count190
\l__zhnum_byte_min_int=\count191
\l__zhnum_byte_max_int=\count192
 (/usr/share/texlive/texmf-dist/tex/latex/zhnumber/zhnumber-utf8.cfg
File: zhnumber-utf8.cfg 2019/04/07 v2.7 Chinese numerals with UTF8 encoding
)) (/usr/share/texlive/texmf-dist/tex/latex/ctex/scheme/ctex-scheme-chinese.def
File: ctex-scheme-chinese.def 2019/05/29 v2.4.16 Chinese scheme for generic (CTEX)
 (/usr/share/texlive/texmf-dist/tex/latex/ctex/config/ctex-name-utf8.cfg
File: ctex-name-utf8.cfg 2019/05/29 v2.4.16 Caption with encoding UTF8 (CTEX)
)) (/usr/share/texlive/texmf-dist/tex/latex/tools/indentfirst.sty
Package: indentfirst 1995/11/23 v1.03 Indent first paragraph (DPC)
) (/usr/share/texlive/texmf-dist/tex/latex/ctex/ctex-c5size.clo
File: ctex-c5size.clo 2019/05/29 v2.4.16 c5size option (CTEX)
) (/usr/share/texlive/texmf-dist/tex/latex/ctex/fontset/ctex-fontset-fandol.def
File: ctex-fontset-fandol.def 2019/05/29 v2.4.16 Fandol fonts definition (CTEX)


/usr/share/texlive/texmf-dist/tex/latex/ctex/fontset/ctex-fontset-fandol.def:113: Critical Package ctex Error: CTeX fontset `fandol' is unavailable in current
(ctex)                         mode.

Type <return> to continue.
 ...                                              
                                                  
l.113   }
         

LaTeX does not know anything more about this error, sorry.

Try typing <return> to proceed.
If that doesn't work, type X <return> to quit.

Reading the current file 'ctex-fontset-fandol' will stop.


)) (/usr/share/texlive/texmf-dist/tex/latex/ctex/config/ctex.cfg
File: ctex.cfg 2019/05/29 v2.4.16 Configuration file (CTEX)
) (/usr/share/texlive/texmf-dist/tex/latex/graphics/graphicx.sty
Package: graphicx 2019/11/30 v1.2a Enhanced LaTeX Graphics (DPC,SPQR)
 (/usr/share/texlive/texmf-dist/tex/latex/graphics/keyval.sty
Package: keyval 2014/10/28 v1.15 key=value parser (DPC)
\KV@toks@=\toks17
) (/usr/share/texlive/texmf-dist/tex/latex/graphics/graphics.sty
Package: graphics 2019/11/30 v1.4a Standard LaTeX Graphics (DPC,SPQR)
 (/usr/share/texlive/texmf-dist/tex/latex/graphics/trig.sty
Package: trig 2016/01/03 v1.10 sin cos tan (DPC)
) (/usr/share/texlive/texmf-dist/tex/latex/graphics-cfg/graphics.cfg
File: graphics.cfg 2016/06/04 v1.11 sample graphics configuration
)
Package graphics Info: Driver file: pdftex.def on input line 105.
 (/usr/share/texlive/texmf-dist/tex/latex/graphics-def/pdftex.def
File: pdftex.def 2018/01/08 v1.0l Graphics/color driver for pdftex
))
\Gin@req@height=\dimen144
\Gin@req@width=\dimen145
) (/usr/share/texlive/texmf-dist/tex/latex/amsmath/amsmath.sty
Package: amsmath 2020/01/20 v2.17e AMS math features
\@mathmargin=\skip53

For additional information on amsmath, use the `?' option.
(/usr/share/texlive/texmf-dist/tex/latex/amsmath/amstext.sty
Package: amstext 2000/06/29 v2.01 AMS text
 (/usr/share/texlive/texmf-dist/tex/latex/amsmath/amsgen.sty
File: amsgen.sty 1999/11/30 v2.0 generic functions
\@emptytoks=\toks18
\ex@=\dimen146
)) (/usr/share/texlive/texmf-dist/tex/latex/amsmath/amsbsy.sty
Package: amsbsy 1999/11/29 v1.2d Bold Symbols
\pmbraise@=\dimen147
) (/usr/share/texlive/texmf-dist/tex/latex/amsmath/amsopn.sty
Package: amsopn 2016/03/08 v2.02 operator names
)
\inf@bad=\count193
LaTeX Info: Redefining \frac on input line 227.
\uproot@=\count194
\leftroot@=\count195
LaTeX Info: Redefining \overline on input line 389.
\classnum@=\count196
\DOTSCASE@=\count197
LaTeX Info: Redefining \ldots on input line 486.
LaTeX Info: Redefining \dots on input line 489.
LaTeX Info: Redefining \cdots on input line 610.
\Mathstrutbox@=\box53
\strutbox@=\box54
\big@size=\dimen148
LaTeX Font Info:    Redeclaring font encoding OML on input line 733.
LaTeX Font Info:    Redeclaring font encoding OMS on input line 734.
\macc@depth=\count198
\c@MaxMatrixCols=\count199
\dotsspace@=\muskip16
\c@parentequation=\count266
\dspbrk@lvl=\count267
\tag@help=\toks19
\row@=\count268
\column@=\count269
\maxfields@=\count270
\andhelp@=\toks20
\eqnshift@=\dimen149
\alignsep@=\dimen150
\tagshift@=\dimen151
\tagwidth@=\dimen152
\totwidth@=\dimen153
\lineht@=\dimen154
\@envbody=\toks21
\multlinegap=\skip54
\multlinetaggap=\skip55
\mathdisplay@stack=\toks22
LaTeX Info: Redefining \[ on input line 2859.
LaTeX Info: Redefining \] on input line 2860.
) (/usr/share/texlive/texmf-dist/tex/latex/amsfonts/amsfonts.sty
Package: amsfonts 2013/01/14 v3.01 Basic AMSFonts support
\symAMSa=\mathgroup4
\symAMSb=\mathgroup5
LaTeX Font Info:    Redeclaring math symbol \hbar on input line 98.
LaTeX Font Info:    Overwriting math alphabet `\mathfrak' in version `bold'
(Font)                  U/euf/m/n --> U/euf/b/n on input line 106.
) (/usr/share/texlive/texmf-dist/tex/latex/amsfonts/amssymb.sty
Package: amssymb 2013/01/14 v3.01 AMS font symbols
) (/usr/share/texlive/texmf-dist/tex/latex/booktabs/booktabs.sty
Package: booktabs 2020/01/12 v1.61803398 Publication quality tables
\heavyrulewidth=\dimen155
\lightrulewidth=\dimen156
\cmidrulewidth=\dimen157
\belowrulesep=\dimen158
\belowbottomsep=\dimen159
\aboverulesep=\dimen160
\abovetopsep=\dimen161
\cmidrulesep=\dimen162
\cmidrulekern=\dimen163
\defaultaddspace=\dimen164
\@cmidla=\count271
\@cmidlb=\count272
\@aboverulesep=\dimen165
\@belowrulesep=\dimen166
\@thisruleclass=\count273
\@lastruleclass=\count274
\@thisrulewidth=\dimen167
) (/usr/share/texlive/texmf-dist/tex/latex/hyperref/hyperref.sty
Package: hyperref 2020/01/14 v7.00d Hypertext links for LaTeX
 (/usr/share/texlive/texmf-dist/tex/generic/ltxcmds/ltxcmds.sty
Package: ltxcmds 2019/12/15 v1.24 LaTeX kernel commands for general use (HO)
) (/usr/share/texlive/texmf-dist/tex/latex/pdftexcmds/pdftexcmds.sty
Package: pdftexcmds 2019/11/24 v0.31 Utility functions of pdfTeX for LuaTeX (HO)
 (/usr/share/texlive/texmf-dist/tex/generic/infwarerr/infwarerr.sty
Package: infwarerr 2019/12/03 v1.5 Providing info/warning/error messages (HO)
)
Package pdftexcmds Info: \pdf@primitive is available.
Package pdftexcmds Info: \pdf@ifprimitive is available.
Package pdftexcmds Info: \pdfdraftmode found.
) (/usr/share/texlive/texmf-dist/tex/generic/kvsetkeys/kvsetkeys.sty
Package: kvsetkeys 2019/12/15 v1.18 Key value parser (HO)
) (/usr/share/texlive/texmf-dist/tex/generic/kvdefinekeys/kvdefinekeys.sty
Package: kvdefinekeys 2019-12-19 v1.6 Define keys (HO)
) (/usr/share/texlive/texmf-dist/tex/generic/pdfescape/pdfescape.sty
Package: pdfescape 2019/12/09 v1.15 Implements pdfTeX's escape features (HO)
) (/usr/share/texlive/texmf-dist/tex/latex/hycolor/hycolor.sty
Package: hycolor 2020-01-27 v1.10 Color options for hyperref/bookmark (HO)
) (/usr/share/texlive/texmf-dist/tex/latex/letltxmacro/letltxmacro.sty
Package: letltxmacro 2019/12/03 v1.6 Let assignment for LaTeX macros (HO)
) (/usr/share/texlive/texmf-dist/tex/latex/auxhook/auxhook.sty
Package: auxhook 2019-12-17 v1.6 Hooks for auxiliary files (HO)
) (/usr/share/texlive/texmf-dist/tex/latex/kvoptions/kvoptions.sty
Package: kvoptions 2019/11/29 v3.13 Key value format for package options (HO)
)
\@linkdim=\dimen168
\Hy@linkcounter=\count275
\Hy@pagecounter=\count276
 (/usr/share/texlive/texmf-dist/tex/latex/hyperref/pd1enc.def
File: pd1enc.def 2020/01/14 v7.00d Hyperref: PDFDocEncoding definition (HO)
Now handling font encoding PD1 ...
... no UTF-8 mapping file for font encoding PD1
) (/usr/share/texlive/texmf-dist/tex/generic/intcalc/intcalc.sty
Package: intcalc 2019/12/15 v1.3 Expandable calculations with integers (HO)
) (/usr/share/texlive/texmf-dist/tex/generic/etexcmds/etexcmds.sty
Package: etexcmds 2019/12/15 v1.7 Avoid name clashes with e-TeX commands (HO)
)
\Hy@SavedSpaceFactor=\count277
\pdfmajorversion=\count278
Package hyperref Info: Option `unicode' set `true' on input line 4421.
 (/usr/share/texlive/texmf-dist/tex/latex/hyperref/puenc.def
File: puenc.def 2020/01/14 v7.00d Hyperref: PDF Unicode definition (HO)
Now handling font encoding PU ...
... no UTF-8 mapping file for font encoding PU
)
Package hyperref Info: Option `colorlinks' set `true' on input line 4421.
Package hyperref Info: Hyper figures OFF on input line 4547.
Package hyperref Info: Link nesting OFF on input line 4552.
Package hyperref Info: Hyper index ON on input line 4555.
Package hyperref Info: Plain pages OFF on input line 4562.
Package hyperref Info: Backreferencing OFF on input line 4567.
Package hyperref Info: Implicit mode ON; LaTeX internals redefined.
Package hyperref Info: Bookmarks ON on input line 4800.
\c@Hy@tempcnt=\count279
 (/usr/share/texlive/texmf-dist/tex/latex/url/url.sty
\Urlmuskip=\muskip17
Package: url 2013/09/16  ver 3.4  Verb mode for urls, etc.
)
LaTeX Info: Redefining \url on input line 5159.
\XeTeXLinkMargin=\dimen169
 (/usr/share/texlive/texmf-dist/tex/generic/bitset/bitset.sty
Package: bitset 2019/12/09 v1.3 Handle bit-vector datatype (HO)
 (/usr/share/texlive/texmf-dist/tex/generic/bigintcalc/bigintcalc.sty
Package: bigintcalc 2019/12/15 v1.5 Expandable calculations on big integers (HO)
))
\Fld@menulength=\count280
\Field@Width=\dimen170
\Fld@charsize=\dimen171
Package hyperref Info: Hyper figures OFF on input line 6430.
Package hyperref Info: Link nesting OFF on input line 6435.
Package hyperref Info: Hyper index ON on input line 6438.
Package hyperref Info: backreferencing OFF on input line 6445.
Package hyperref Info: Link coloring ON on input line 6448.
Package hyperref Info: Link coloring with OCG OFF on input line 6455.
Package hyperref Info: PDF/A mode OFF on input line 6460.
LaTeX Info: Redefining \ref on input line 6500.
LaTeX Info: Redefining \pageref on input line 6504.
 (/usr/share/texlive/texmf-dist/tex/generic/atbegshi/atbegshi.sty
Package: atbegshi 2019/12/05 v1.19 At begin shipout hook (HO)
)
\Hy@abspage=\count281
\c@Item=\count282
\c@Hfootnote=\count283
)
Package hyperref Info: Driver (autodetected): hpdftex.
 (/usr/share/texlive/texmf-dist/tex/latex/hyperref/hpdftex.def
File: hpdftex.def 2020/01/14 v7.00d Hyperref driver for pdfTeX
 (/usr/share/texlive/texmf-dist/tex/latex/atveryend/atveryend.sty
Package: atveryend 2019-12-11 v1.11 Hooks at the very end of document (HO)
Package atveryend Info: \enddocument detected (standard20110627).
)
\Fld@listcount=\count284
\c@bookmark@seq@number=\count285
 (/usr/share/texlive/texmf-dist/tex/latex/rerunfilecheck/rerunfilecheck.sty
Package: rerunfilecheck 2019/12/05 v1.9 Rerun checks for auxiliary files (HO)
 (/usr/share/texlive/texmf-dist/tex/generic/uniquecounter/uniquecounter.sty
Package: uniquecounter 2019/12/15 v1.4 Provide unlimited unique counter (HO)
)
Package uniquecounter Info: New unique counter `rerunfilecheck' on input line 286.
)
\Hy@SectionHShift=\skip56
) (/usr/share/texlive/texmf-dist/tex/latex/geometry/geometry.sty
Package: geometry 2020/01/02 v5.9 Page Geometry
 (/usr/share/texlive/texmf-dist/tex/generic/iftex/ifvtex.sty
Package: ifvtex 2019/10/25 v1.7 ifvtex legacy package. Use iftex instead.
)
\Gm@cnth=\count286
\Gm@cntv=\count287
\c@Gm@tempcnt=\count288
\Gm@bindingoffset=\dimen172
\Gm@wd@mp=\dimen173
\Gm@odd@mp=\dimen174
\Gm@even@mp=\dimen175
\Gm@layoutwidth=\dimen176
\Gm@layoutheight=\dimen177
\Gm@layouthoffset=\dimen178
\Gm@layoutvoffset=\dimen179
\Gm@dimlist=\toks23
) (/usr/share/texmf/tex/latex/CJK/UTF8/UTF8.bdg
File: UTF8.bdg 2015/04/18 4.8.4
) (/usr/share/texmf/tex/latex/CJK/UTF8/UTF8.enc
File: UTF8.enc 2015/04/18 4.8.4
) (/usr/share/texmf/tex/latex/CJK/UTF8/UTF8.chr
File: UTF8.chr 2015/04/18 4.8.4
) (/media/xxx/233-3/PycharmProjects/TRINUE/docs/paper_zh.aux)
\openout1 = `paper_zh.aux'.

LaTeX Font Info:    Checking defaults for OML/cmm/m/it on input line 20.
LaTeX Font Info:    ... okay on input line 20.
LaTeX Font Info:    Checking defaults for OMS/cmsy/m/n on input line 20.
LaTeX Font Info:    ... okay on input line 20.
LaTeX Font Info:    Checking defaults for OT1/cmr/m/n on input line 20.
LaTeX Font Info:    ... okay on input line 20.
LaTeX Font Info:    Checking defaults for T1/cmr/m/n on input line 20.
LaTeX Font Info:    ... okay on input line 20.
LaTeX Font Info:    Checking defaults for TS1/cmr/m/n on input line 20.
LaTeX Font Info:    ... okay on input line 20.
LaTeX Font Info:    Checking defaults for OMX/cmex/m/n on input line 20.
LaTeX Font Info:    ... okay on input line 20.
LaTeX Font Info:    Checking defaults for U/cmr/m/n on input line 20.
LaTeX Font Info:    ... okay on input line 20.
LaTeX Font Info:    Checking defaults for C00/song/m/n on input line 20.
LaTeX Font Info:    ... okay on input line 20.
LaTeX Font Info:    Checking defaults for C05/song/m/n on input line 20.
LaTeX Font Info:    ... okay on input line 20.
LaTeX Font Info:    Checking defaults for C09/song/m/n on input line 20.
LaTeX Font Info:    ... okay on input line 20.
LaTeX Font Info:    Checking defaults for C10/song/m/n on input line 20.
LaTeX Font Info:    ... okay on input line 20.
LaTeX Font Info:    Checking defaults for C20/song/m/n on input line 20.
LaTeX Font Info:    ... okay on input line 20.
LaTeX Font Info:    Checking defaults for C19/song/m/n on input line 20.
LaTeX Font Info:    ... okay on input line 20.
LaTeX Font Info:    Checking defaults for C40/song/m/n on input line 20.
LaTeX Font Info:    ... okay on input line 20.
LaTeX Font Info:    Checking defaults for C42/song/m/n on input line 20.
LaTeX Font Info:    ... okay on input line 20.
LaTeX Font Info:    Checking defaults for C43/song/m/n on input line 20.
LaTeX Font Info:    ... okay on input line 20.
LaTeX Font Info:    Checking defaults for C50/song/m/n on input line 20.
LaTeX Font Info:    ... okay on input line 20.
LaTeX Font Info:    Checking defaults for C52/song/m/n on input line 20.
LaTeX Font Info:    ... okay on input line 20.
LaTeX Font Info:    Checking defaults for C49/song/m/n on input line 20.
LaTeX Font Info:    ... okay on input line 20.
LaTeX Font Info:    Checking defaults for C60/mj/m/n on input line 20.
LaTeX Font Info:    ... okay on input line 20.
LaTeX Font Info:    Checking defaults for C61/mj/m/n on input line 20.
LaTeX Font Info:    ... okay on input line 20.
LaTeX Font Info:    Checking defaults for C63/mj/m/n on input line 20.
LaTeX Font Info:    ... okay on input line 20.
LaTeX Font Info:    Checking defaults for C64/mj/m/n on input line 20.
LaTeX Font Info:    ... okay on input line 20.
LaTeX Font Info:    Checking defaults for C65/mj/m/n on input line 20.
LaTeX Font Info:    ... okay on input line 20.
LaTeX Font Info:    Checking defaults for C70/song/m/n on input line 20.
LaTeX Font Info:    ... okay on input line 20.
LaTeX Font Info:    Checking defaults for C31/song/m/n on input line 20.
LaTeX Font Info:    ... okay on input line 20.
LaTeX Font Info:    Checking defaults for C32/song/m/n on input line 20.
LaTeX Font Info:    ... okay on input line 20.
LaTeX Font Info:    Checking defaults for C33/song/m/n on input line 20.
LaTeX Font Info:    ... okay on input line 20.
LaTeX Font Info:    Checking defaults for C34/song/m/n on input line 20.
LaTeX Font Info:    ... okay on input line 20.
LaTeX Font Info:    Checking defaults for C35/song/m/n on input line 20.
LaTeX Font Info:    ... okay on input line 20.
LaTeX Font Info:    Checking defaults for C36/song/m/n on input line 20.
LaTeX Font Info:    ... okay on input line 20.
LaTeX Font Info:    Checking defaults for C37/song/m/n on input line 20.
LaTeX Font Info:    ... okay on input line 20.
LaTeX Font Info:    Checking defaults for C80/song/m/n on input line 20.
LaTeX Font Info:    ... okay on input line 20.
LaTeX Font Info:    Checking defaults for C81/song/m/n on input line 20.
LaTeX Font Info:    ... okay on input line 20.
LaTeX Font Info:    Checking defaults for C01/song/m/n on input line 20.
LaTeX Font Info:    ... okay on input line 20.
LaTeX Font Info:    Checking defaults for C11/song/m/n on input line 20.
LaTeX Font Info:    ... okay on input line 20.
LaTeX Font Info:    Checking defaults for C21/song/m/n on input line 20.
LaTeX Font Info:    ... okay on input line 20.
LaTeX Font Info:    Checking defaults for C41/song/m/n on input line 20.
LaTeX Font Info:    ... okay on input line 20.
LaTeX Font Info:    Checking defaults for C62/song/m/n on input line 20.
LaTeX Font Info:    ... okay on input line 20.
LaTeX Font Info:    Checking defaults for PD1/pdf/m/n on input line 20.
LaTeX Font Info:    ... okay on input line 20.
LaTeX Font Info:    Checking defaults for PU/pdf/m/n on input line 20.
LaTeX Font Info:    ... okay on input line 20.
 ABD: EverySelectfont initializing macros
LaTeX Info: Redefining \selectfont on input line 20.
 (/usr/share/texlive/texmf-dist/tex/context/base/mkii/supp-pdf.mkii
[Loading MPS to PDF converter (version 2006.09.02).]
\scratchcounter=\count289
\scratchdimen=\dimen180
\scratchbox=\box55
\nofMPsegments=\count290
\nofMParguments=\count291
\everyMPshowfont=\toks24
\MPscratchCnt=\count292
\MPscratchDim=\dimen181
\MPnumerator=\count293
\makeMPintoPDFobject=\count294
\everyMPtoPDFconversion=\toks25
) (/usr/share/texlive/texmf-dist/tex/latex/epstopdf-pkg/epstopdf-base.sty
Package: epstopdf-base 2020-01-24 v2.11 Base part for package epstopdf
Package epstopdf-base Info: Redefining graphics rule for `.eps' on input line 485.
 (/usr/share/texlive/texmf-dist/tex/latex/latexconfig/epstopdf-sys.cfg
File: epstopdf-sys.cfg 2010/07/13 v1.3 Configuration of (r)epstopdf for TeX Live
))
\AtBeginShipoutBox=\box56
 (/usr/share/texlive/texmf-dist/tex/latex/graphics/color.sty
Package: color 2019/11/23 v1.2a Standard LaTeX Color (DPC)
 (/usr/share/texlive/texmf-dist/tex/latex/graphics-cfg/color.cfg
File: color.cfg 2016/01/02 v1.6 sample color configuration
)
Package color Info: Driver file: pdftex.def on input line 147.
)
Package hyperref Info: Link coloring ON on input line 20.
 (/usr/share/texlive/texmf-dist/tex/latex/hyperref/nameref.sty
Package: nameref 2019/09/16 v2.46 Cross-referencing by name of section
 (/usr/share/texlive/texmf-dist/tex/latex/refcount/refcount.sty
Package: refcount 2019/12/15 v3.6 Data extraction from label references (HO)
) (/usr/share/texlive/texmf-dist/tex/generic/gettitlestring/gettitlestring.sty
Package: gettitlestring 2019/12/15 v1.6 Cleanup title references (HO)
)
\c@section@level=\count295
)
LaTeX Info: Redefining \ref on input line 20.
LaTeX Info: Redefining \pageref on input line 20.
LaTeX Info: Redefining \nameref on input line 20.
\@outlinefile=\write3
\openout3 = `paper_zh.out'.


*geometry* driver: auto-detecting
*geometry* detected driver: pdftex
*geometry* verbose mode - [ preamble ] result:
* driver: pdftex
* paper: <default>
* layout: <same size as paper>
* layoutoffset:(h,v)=(0.0pt,0.0pt)
* modes: 
* h-part:(L,W,R)=(57.81621pt, 498.66258pt, 57.81621pt)
* v-part:(T,H,B)=(57.81621pt, 679.33757pt, 57.81621pt)
* \paperwidth=614.295pt
* \paperheight=794.96999pt
* \textwidth=498.66258pt
* \textheight=679.33757pt
* \oddsidemargin=-14.45378pt
* \evensidemargin=-14.45378pt
* \topmargin=-51.45378pt
* \headheight=12.0pt
* \headsep=25.0pt
* \topskip=10.0pt
* \footskip=30.0pt
* \marginparwidth=4.0pt
* \marginparsep=10.0pt
* \columnsep=10.0pt
* \skip\footins=9.0pt plus 4.0pt minus 2.0pt
* \hoffset=0.0pt
* \voffset=0.0pt
* \mag=1000
* \@twocolumntrue
* \@twosidefalse
* \@mparswitchfalse
* \@reversemarginfalse
* (1in=72.27pt=25.4mm, 1cm=28.453pt)

LaTeX Font Info:    Trying to load font information for U+msa on input line 23.
(/usr/share/texlive/texmf-dist/tex/latex/amsfonts/umsa.fd
File: umsa.fd 2013/01/14 v3.01 AMS symbols A
)
LaTeX Font Info:    Trying to load font information for U+msb on input line 23.
 (/usr/share/texlive/texmf-dist/tex/latex/amsfonts/umsb.fd
File: umsb.fd 2013/01/14 v3.01 AMS symbols B
)
LaTeX Font Info:    Trying to load font information for C70+song on input line 23.
LaTeX Font Info:    No file C70song.fd. on input line 23.

/media/xxx/233-3/PycharmProjects/TRINUE/docs/paper_zh.tex:23: Undefined control sequence.
try@size@range ...extract@rangefontinfo font@info 
                                                  <-*>@nil <@nnil 
l.23 
     
The control sequence at the end of the top line
of your error message was never \def'ed. If you have
misspelled it (e.g., `\hobx'), type `I' and the correct
spelling (e.g., `I\hbox'). Otherwise just continue,
and I'll forget about whatever was undefined.

/media/xxx/233-3/PycharmProjects/TRINUE/docs/paper_zh.tex:23: Undefined control sequence.
<argument> @nil 
                
l.23 
     
The control sequence at the end of the top line
of your error message was never \def'ed. If you have
misspelled it (e.g., `\hobx'), type `I' and the correct
spelling (e.g., `I\hbox'). Otherwise just continue,
and I'll forget about whatever was undefined.

/media/xxx/233-3/PycharmProjects/TRINUE/docs/paper_zh.tex:23: Undefined control sequence.
<argument> def reserved@f 
                          {extract@rangefontinfo <@nnil }upper@bound 0*p@ if...
l.23 
     
The control sequence at the end of the top line
of your error message was never \def'ed. If you have
misspelled it (e.g., `\hobx'), type `I' and the correct
spelling (e.g., `I\hbox'). Otherwise just continue,
and I'll forget about whatever was undefined.

/media/xxx/233-3/PycharmProjects/TRINUE/docs/paper_zh.tex:23: Argument of extract@rangefontinfo has an extra }.
<inserted text> 
                par 
l.23 
     
I've run across a `}' that doesn't seem to match anything.
For example, `\def\a#1{...}' and `\a}' would produce
this error. If you simply proceed now, the `\par' that
I've just inserted will cause me to report a runaway
argument that might be the root of the problem. But if
your `}' was spurious, just type `2' and it will go away.

Runaway argument?
@nnil 
/media/xxx/233-3/PycharmProjects/TRINUE/docs/paper_zh.tex:23: Paragraph ended before extract@rangefontinfo was complete.
<to be read again> 
                   par 
l.23 
     
I suspect you've forgotten a `}', causing me to apply this
control sequence to too much text. How can we recover?
My plan is to forget the whole thing and hope for the best.

/media/xxx/233-3/PycharmProjects/TRINUE/docs/paper_zh.tex:23: Undefined control sequence.
<argument> ...served@f @empty fi fi fi reserved@f 
                                                  
l.23 
     
The control sequence at the end of the top line
of your error message was never \def'ed. If you have
misspelled it (e.g., `\hobx'), type `I' and the correct
spelling (e.g., `I\hbox'). Otherwise just continue,
and I'll forget about whatever was undefined.

/media/xxx/233-3/PycharmProjects/TRINUE/docs/paper_zh.tex:23: Undefined control sequence.
try@size@substitution ...b maxdimen let best@size 
                                                  @empty expandafter try@sim...
l.23 
     
The control sequence at the end of the top line
of your error message was never \def'ed. If you have
misspelled it (e.g., `\hobx'), type `I' and the correct
spelling (e.g., `I\hbox'). Otherwise just continue,
and I'll forget about whatever was undefined.

/media/xxx/233-3/PycharmProjects/TRINUE/docs/paper_zh.tex:23: Undefined control sequence.
try@size@substitution ...er try@simples font@info 
                                                  <number @M >@nil <@nnil 
l.23 
     
The control sequence at the end of the top line
of your error message was never \def'ed. If you have
misspelled it (e.g., `\hobx'), type `I' and the correct
spelling (e.g., `I\hbox'). Otherwise just continue,
and I'll forget about whatever was undefined.

/media/xxx/233-3/PycharmProjects/TRINUE/docs/paper_zh.tex:23: Undefined control sequence.
tryif@simple #1-#2tryif@simple ->let reserved@f 
                                                try@simples if >#2dimen@ #1p...
l.23 
     
The control sequence at the end of the top line
of your error message was never \def'ed. If you have
misspelled it (e.g., `\hobx'), type `I' and the correct
spelling (e.g., `I\hbox'). Otherwise just continue,
and I'll forget about whatever was undefined.

/media/xxx/233-3/PycharmProjects/TRINUE/docs/paper_zh.tex:23: Undefined control sequence.
tryif@simple #1-#2tryif@simple ->let reserved@f 
                                                try@simples if >#2dimen@ #1p...
l.23 
     
The control sequence at the end of the top line
of your error message was never \def'ed. If you have
misspelled it (e.g., `\hobx'), type `I' and the correct
spelling (e.g., `I\hbox'). Otherwise just continue,
and I'll forget about whatever was undefined.

/media/xxx/233-3/PycharmProjects/TRINUE/docs/paper_zh.tex:23: Undefined control sequence.
tryif@simple #1-#2tryif@simple ->let reserved@f 
                                                try@simples if >#2dimen@ #1p...
l.23 
     
The control sequence at the end of the top line
of your error message was never \def'ed. If you have
misspelled it (e.g., `\hobx'), type `I' and the correct
spelling (e.g., `I\hbox'). Otherwise just continue,
and I'll forget about whatever was undefined.

/media/xxx/233-3/PycharmProjects/TRINUE/docs/paper_zh.tex:23: Undefined control sequence.
tryif@simple #1-#2tryif@simple ->let reserved@f 
                                                try@simples if >#2dimen@ #1p...
l.23 
     
The control sequence at the end of the top line
of your error message was never \def'ed. If you have
misspelled it (e.g., `\hobx'), type `I' and the correct
spelling (e.g., `I\hbox'). Otherwise just continue,
and I'll forget about whatever was undefined.

/media/xxx/233-3/PycharmProjects/TRINUE/docs/paper_zh.tex:23: Undefined control sequence.
tryif@simple #1-#2tryif@simple ->let reserved@f 
                                                try@simples if >#2dimen@ #1p...
l.23 
     
The control sequence at the end of the top line
of your error message was never \def'ed. If you have
misspelled it (e.g., `\hobx'), type `I' and the correct
spelling (e.g., `I\hbox'). Otherwise just continue,
and I'll forget about whatever was undefined.

/media/xxx/233-3/PycharmProjects/TRINUE/docs/paper_zh.tex:23: Undefined control sequence.
tryif@simple #1-#2tryif@simple ->let reserved@f 
                                                try@simples if >#2dimen@ #1p...
l.23 
     
The control sequence at the end of the top line
of your error message was never \def'ed. If you have
misspelled it (e.g., `\hobx'), type `I' and the correct
spelling (e.g., `I\hbox'). Otherwise just continue,
and I'll forget about whatever was undefined.

/media/xxx/233-3/PycharmProjects/TRINUE/docs/paper_zh.tex:23: Undefined control sequence.
tryif@simple #1-#2tryif@simple ->let reserved@f 
                                                try@simples if >#2dimen@ #1p...
l.23 
     
The control sequence at the end of the top line
of your error message was never \def'ed. If you have
misspelled it (e.g., `\hobx'), type `I' and the correct
spelling (e.g., `I\hbox'). Otherwise just continue,
and I'll forget about whatever was undefined.

/media/xxx/233-3/PycharmProjects/TRINUE/docs/paper_zh.tex:23: Undefined control sequence.
tryif@simple #1-#2tryif@simple ->let reserved@f 
                                                try@simples if >#2dimen@ #1p...
l.23 
     
The control sequence at the end of the top line
of your error message was never \def'ed. If you have
misspelled it (e.g., `\hobx'), type `I' and the correct
spelling (e.g., `I\hbox'). Otherwise just continue,
and I'll forget about whatever was undefined.

/media/xxx/233-3/PycharmProjects/TRINUE/docs/paper_zh.tex:23: Undefined control sequence.
tryif@simple #1-#2tryif@simple ->let reserved@f 
                                                try@simples if >#2dimen@ #1p...
l.23 
     
The control sequence at the end of the top line
of your error message was never \def'ed. If you have
misspelled it (e.g., `\hobx'), type `I' and the correct
spelling (e.g., `I\hbox'). Otherwise just continue,
and I'll forget about whatever was undefined.

/media/xxx/233-3/PycharmProjects/TRINUE/docs/paper_zh.tex:23: Undefined control sequence.
tryif@simple #1-#2tryif@simple ->let reserved@f 
                                                try@simples if >#2dimen@ #1p...
l.23 
     
The control sequence at the end of the top line
of your error message was never \def'ed. If you have
misspelled it (e.g., `\hobx'), type `I' and the correct
spelling (e.g., `I\hbox'). Otherwise just continue,
and I'll forget about whatever was undefined.

/media/xxx/233-3/PycharmProjects/TRINUE/docs/paper_zh.tex:23: Undefined control sequence.
tryif@simple #1-#2tryif@simple ->let reserved@f 
                                                try@simples if >#2dimen@ #1p...
l.23 
     
The control sequence at the end of the top line
of your error message was never \def'ed. If you have
misspelled it (e.g., `\hobx'), type `I' and the correct
spelling (e.g., `I\hbox'). Otherwise just continue,
and I'll forget about whatever was undefined.

/media/xxx/233-3/PycharmProjects/TRINUE/docs/paper_zh.tex:23: Undefined control sequence.
tryif@simple #1-#2tryif@simple ->let reserved@f 
                                                try@simples if >#2dimen@ #1p...
l.23 
     
The control sequence at the end of the top line
of your error message was never \def'ed. If you have
misspelled it (e.g., `\hobx'), type `I' and the correct
spelling (e.g., `I\hbox'). Otherwise just continue,
and I'll forget about whatever was undefined.

/media/xxx/233-3/PycharmProjects/TRINUE/docs/paper_zh.tex:23: Undefined control sequence.
tryif@simple #1-#2tryif@simple ->let reserved@f 
                                                try@simples if >#2dimen@ #1p...
l.23 
     
The control sequence at the end of the top line
of your error message was never \def'ed. If you have
misspelled it (e.g., `\hobx'), type `I' and the correct
spelling (e.g., `I\hbox'). Otherwise just continue,
and I'll forget about whatever was undefined.

/media/xxx/233-3/PycharmProjects/TRINUE/docs/paper_zh.tex:23: Undefined control sequence.
tryif@simple #1-#2tryif@simple ->let reserved@f 
                                                try@simples if >#2dimen@ #1p...
l.23 
     
The control sequence at the end of the top line
of your error message was never \def'ed. If you have
misspelled it (e.g., `\hobx'), type `I' and the correct
spelling (e.g., `I\hbox'). Otherwise just continue,
and I'll forget about whatever was undefined.

/media/xxx/233-3/PycharmProjects/TRINUE/docs/paper_zh.tex:23: Undefined control sequence.
tryif@simple #1-#2tryif@simple ->let reserved@f 
                                                try@simples if >#2dimen@ #1p...
l.23 
     
The control sequence at the end of the top line
of your error message was never \def'ed. If you have
misspelled it (e.g., `\hobx'), type `I' and the correct
spelling (e.g., `I\hbox'). Otherwise just continue,
and I'll forget about whatever was undefined.

/media/xxx/233-3/PycharmProjects/TRINUE/docs/paper_zh.tex:23: Undefined control sequence.
tryif@simple #1-#2tryif@simple ->let reserved@f 
                                                try@simples if >#2dimen@ #1p...
l.23 
     
The control sequence at the end of the top line
of your error message was never \def'ed. If you have
misspelled it (e.g., `\hobx'), type `I' and the correct
spelling (e.g., `I\hbox'). Otherwise just continue,
and I'll forget about whatever was undefined.

/media/xxx/233-3/PycharmProjects/TRINUE/docs/paper_zh.tex:23: Undefined control sequence.
tryif@simple #1-#2tryif@simple ->let reserved@f 
                                                try@simples if >#2dimen@ #1p...
l.23 
     
The control sequence at the end of the top line
of your error message was never \def'ed. If you have
misspelled it (e.g., `\hobx'), type `I' and the correct
spelling (e.g., `I\hbox'). Otherwise just continue,
and I'll forget about whatever was undefined.

/media/xxx/233-3/PycharmProjects/TRINUE/docs/paper_zh.tex:23: Undefined control sequence.
tryif@simple #1-#2tryif@simple ->let reserved@f 
                                                try@simples if >#2dimen@ #1p...
l.23 
     
The control sequence at the end of the top line
of your error message was never \def'ed. If you have
misspelled it (e.g., `\hobx'), type `I' and the correct
spelling (e.g., `I\hbox'). Otherwise just continue,
and I'll forget about whatever was undefined.

/media/xxx/233-3/PycharmProjects/TRINUE/docs/paper_zh.tex:23: Undefined control sequence.
tryif@simple #1-#2tryif@simple ->let reserved@f 
                                                try@simples if >#2dimen@ #1p...
l.23 
     
The control sequence at the end of the top line
of your error message was never \def'ed. If you have
misspelled it (e.g., `\hobx'), type `I' and the correct
spelling (e.g., `I\hbox'). Otherwise just continue,
and I'll forget about whatever was undefined.

/media/xxx/233-3/PycharmProjects/TRINUE/docs/paper_zh.tex:23: Undefined control sequence.
tryif@simple #1-#2tryif@simple ->let reserved@f 
                                                try@simples if >#2dimen@ #1p...
l.23 
     
The control sequence at the end of the top line
of your error message was never \def'ed. If you have
misspelled it (e.g., `\hobx'), type `I' and the correct
spelling (e.g., `I\hbox'). Otherwise just continue,
and I'll forget about whatever was undefined.

/media/xxx/233-3/PycharmProjects/TRINUE/docs/paper_zh.tex:23: Undefined control sequence.
tryif@simple #1-#2tryif@simple ->let reserved@f 
                                                try@simples if >#2dimen@ #1p...
l.23 
     
The control sequence at the end of the top line
of your error message was never \def'ed. If you have
misspelled it (e.g., `\hobx'), type `I' and the correct
spelling (e.g., `I\hbox'). Otherwise just continue,
and I'll forget about whatever was undefined.

/media/xxx/233-3/PycharmProjects/TRINUE/docs/paper_zh.tex:23: Undefined control sequence.
tryif@simple #1-#2tryif@simple ->let reserved@f 
                                                try@simples if >#2dimen@ #1p...
l.23 
     
The control sequence at the end of the top line
of your error message was never \def'ed. If you have
misspelled it (e.g., `\hobx'), type `I' and the correct
spelling (e.g., `I\hbox'). Otherwise just continue,
and I'll forget about whatever was undefined.

/media/xxx/233-3/PycharmProjects/TRINUE/docs/paper_zh.tex:23: Undefined control sequence.
tryif@simple #1-#2tryif@simple ->let reserved@f 
                                                try@simples if >#2dimen@ #1p...
l.23 
     
The control sequence at the end of the top line
of your error message was never \def'ed. If you have
misspelled it (e.g., `\hobx'), type `I' and the correct
spelling (e.g., `I\hbox'). Otherwise just continue,
and I'll forget about whatever was undefined.

/media/xxx/233-3/PycharmProjects/TRINUE/docs/paper_zh.tex:23: Undefined control sequence.
tryif@simple #1-#2tryif@simple ->let reserved@f 
                                                try@simples if >#2dimen@ #1p...
l.23 
     
The control sequence at the end of the top line
of your error message was never \def'ed. If you have
misspelled it (e.g., `\hobx'), type `I' and the correct
spelling (e.g., `I\hbox'). Otherwise just continue,
and I'll forget about whatever was undefined.

/media/xxx/233-3/PycharmProjects/TRINUE/docs/paper_zh.tex:23: Undefined control sequence.
tryif@simple #1-#2tryif@simple ->let reserved@f 
                                                try@simples if >#2dimen@ #1p...
l.23 
     
The control sequence at the end of the top line
of your error message was never \def'ed. If you have
misspelled it (e.g., `\hobx'), type `I' and the correct
spelling (e.g., `I\hbox'). Otherwise just continue,
and I'll forget about whatever was undefined.

/media/xxx/233-3/PycharmProjects/TRINUE/docs/paper_zh.tex:23: Undefined control sequence.
tryif@simple #1-#2tryif@simple ->let reserved@f 
                                                try@simples if >#2dimen@ #1p...
l.23 
     
The control sequence at the end of the top line
of your error message was never \def'ed. If you have
misspelled it (e.g., `\hobx'), type `I' and the correct
spelling (e.g., `I\hbox'). Otherwise just continue,
and I'll forget about whatever was undefined.

/media/xxx/233-3/PycharmProjects/TRINUE/docs/paper_zh.tex:23: Undefined control sequence.
tryif@simple #1-#2tryif@simple ->let reserved@f 
                                                try@simples if >#2dimen@ #1p...
l.23 
     
The control sequence at the end of the top line
of your error message was never \def'ed. If you have
misspelled it (e.g., `\hobx'), type `I' and the correct
spelling (e.g., `I\hbox'). Otherwise just continue,
and I'll forget about whatever was undefined.

/media/xxx/233-3/PycharmProjects/TRINUE/docs/paper_zh.tex:23: Undefined control sequence.
tryif@simple #1-#2tryif@simple ->let reserved@f 
                                                try@simples if >#2dimen@ #1p...
l.23 
     
The control sequence at the end of the top line
of your error message was never \def'ed. If you have
misspelled it (e.g., `\hobx'), type `I' and the correct
spelling (e.g., `I\hbox'). Otherwise just continue,
and I'll forget about whatever was undefined.

/media/xxx/233-3/PycharmProjects/TRINUE/docs/paper_zh.tex:23: Undefined control sequence.
tryif@simple #1-#2tryif@simple ->let reserved@f 
                                                try@simples if >#2dimen@ #1p...
l.23 
     
The control sequence at the end of the top line
of your error message was never \def'ed. If you have
misspelled it (e.g., `\hobx'), type `I' and the correct
spelling (e.g., `I\hbox'). Otherwise just continue,
and I'll forget about whatever was undefined.

/media/xxx/233-3/PycharmProjects/TRINUE/docs/paper_zh.tex:23: Undefined control sequence.
tryif@simple #1-#2tryif@simple ->let reserved@f 
                                                try@simples if >#2dimen@ #1p...
l.23 
     
The control sequence at the end of the top line
of your error message was never \def'ed. If you have
misspelled it (e.g., `\hobx'), type `I' and the correct
spelling (e.g., `I\hbox'). Otherwise just continue,
and I'll forget about whatever was undefined.

/media/xxx/233-3/PycharmProjects/TRINUE/docs/paper_zh.tex:23: Undefined control sequence.
tryif@simple #1-#2tryif@simple ->let reserved@f 
                                                try@simples if >#2dimen@ #1p...
l.23 
     
The control sequence at the end of the top line
of your error message was never \def'ed. If you have
misspelled it (e.g., `\hobx'), type `I' and the correct
spelling (e.g., `I\hbox'). Otherwise just continue,
and I'll forget about whatever was undefined.

/media/xxx/233-3/PycharmProjects/TRINUE/docs/paper_zh.tex:23: Undefined control sequence.
tryif@simple #1-#2tryif@simple ->let reserved@f 
                                                try@simples if >#2dimen@ #1p...
l.23 
     
The control sequence at the end of the top line
of your error message was never \def'ed. If you have
misspelled it (e.g., `\hobx'), type `I' and the correct
spelling (e.g., `I\hbox'). Otherwise just continue,
and I'll forget about whatever was undefined.

/media/xxx/233-3/PycharmProjects/TRINUE/docs/paper_zh.tex:23: Undefined control sequence.
tryif@simple #1-#2tryif@simple ->let reserved@f 
                                                try@simples if >#2dimen@ #1p...
l.23 
     
The control sequence at the end of the top line
of your error message was never \def'ed. If you have
misspelled it (e.g., `\hobx'), type `I' and the correct
spelling (e.g., `I\hbox'). Otherwise just continue,
and I'll forget about whatever was undefined.

/media/xxx/233-3/PycharmProjects/TRINUE/docs/paper_zh.tex:23: Undefined control sequence.
tryif@simple #1-#2tryif@simple ->let reserved@f 
                                                try@simples if >#2dimen@ #1p...
l.23 
     
The control sequence at the end of the top line
of your error message was never \def'ed. If you have
misspelled it (e.g., `\hobx'), type `I' and the correct
spelling (e.g., `I\hbox'). Otherwise just continue,
and I'll forget about whatever was undefined.

/media/xxx/233-3/PycharmProjects/TRINUE/docs/paper_zh.tex:23: Undefined control sequence.
tryif@simple #1-#2tryif@simple ->let reserved@f 
                                                try@simples if >#2dimen@ #1p...
l.23 
     
The control sequence at the end of the top line
of your error message was never \def'ed. If you have
misspelled it (e.g., `\hobx'), type `I' and the correct
spelling (e.g., `I\hbox'). Otherwise just continue,
and I'll forget about whatever was undefined.

/media/xxx/233-3/PycharmProjects/TRINUE/docs/paper_zh.tex:23: Undefined control sequence.
tryif@simple #1-#2tryif@simple ->let reserved@f 
                                                try@simples if >#2dimen@ #1p...
l.23 
     
The control sequence at the end of the top line
of your error message was never \def'ed. If you have
misspelled it (e.g., `\hobx'), type `I' and the correct
spelling (e.g., `I\hbox'). Otherwise just continue,
and I'll forget about whatever was undefined.

/media/xxx/233-3/PycharmProjects/TRINUE/docs/paper_zh.tex:23: Undefined control sequence.
tryif@simple #1-#2tryif@simple ->let reserved@f 
                                                try@simples if >#2dimen@ #1p...
l.23 
     
The control sequence at the end of the top line
of your error message was never \def'ed. If you have
misspelled it (e.g., `\hobx'), type `I' and the correct
spelling (e.g., `I\hbox'). Otherwise just continue,
and I'll forget about whatever was undefined.

/media/xxx/233-3/PycharmProjects/TRINUE/docs/paper_zh.tex:23: Undefined control sequence.
tryif@simple #1-#2tryif@simple ->let reserved@f 
                                                try@simples if >#2dimen@ #1p...
l.23 
     
The control sequence at the end of the top line
of your error message was never \def'ed. If you have
misspelled it (e.g., `\hobx'), type `I' and the correct
spelling (e.g., `I\hbox'). Otherwise just continue,
and I'll forget about whatever was undefined.

/media/xxx/233-3/PycharmProjects/TRINUE/docs/paper_zh.tex:23: Undefined control sequence.
tryif@simple #1-#2tryif@simple ->let reserved@f 
                                                try@simples if >#2dimen@ #1p...
l.23 
     
The control sequence at the end of the top line
of your error message was never \def'ed. If you have
misspelled it (e.g., `\hobx'), type `I' and the correct
spelling (e.g., `I\hbox'). Otherwise just continue,
and I'll forget about whatever was undefined.

/media/xxx/233-3/PycharmProjects/TRINUE/docs/paper_zh.tex:23: Undefined control sequence.
tryif@simple #1-#2tryif@simple ->let reserved@f 
                                                try@simples if >#2dimen@ #1p...
l.23 
     
The control sequence at the end of the top line
of your error message was never \def'ed. If you have
misspelled it (e.g., `\hobx'), type `I' and the correct
spelling (e.g., `I\hbox'). Otherwise just continue,
and I'll forget about whatever was undefined.

/media/xxx/233-3/PycharmProjects/TRINUE/docs/paper_zh.tex:23: Undefined control sequence.
tryif@simple #1-#2tryif@simple ->let reserved@f 
                                                try@simples if >#2dimen@ #1p...
l.23 
     
The control sequence at the end of the top line
of your error message was never \def'ed. If you have
misspelled it (e.g., `\hobx'), type `I' and the correct
spelling (e.g., `I\hbox'). Otherwise just continue,
and I'll forget about whatever was undefined.

/media/xxx/233-3/PycharmProjects/TRINUE/docs/paper_zh.tex:23: Undefined control sequence.
tryif@simple #1-#2tryif@simple ->let reserved@f 
                                                try@simples if >#2dimen@ #1p...
l.23 
     
The control sequence at the end of the top line
of your error message was never \def'ed. If you have
misspelled it (e.g., `\hobx'), type `I' and the correct
spelling (e.g., `I\hbox'). Otherwise just continue,
and I'll forget about whatever was undefined.

/media/xxx/233-3/PycharmProjects/TRINUE/docs/paper_zh.tex:23: Undefined control sequence.
tryif@simple #1-#2tryif@simple ->let reserved@f 
                                                try@simples if >#2dimen@ #1p...
l.23 
     
The control sequence at the end of the top line
of your error message was never \def'ed. If you have
misspelled it (e.g., `\hobx'), type `I' and the correct
spelling (e.g., `I\hbox'). Otherwise just continue,
and I'll forget about whatever was undefined.

/media/xxx/233-3/PycharmProjects/TRINUE/docs/paper_zh.tex:23: Undefined control sequence.
tryif@simple #1-#2tryif@simple ->let reserved@f 
                                                try@simples if >#2dimen@ #1p...
l.23 
     
The control sequence at the end of the top line
of your error message was never \def'ed. If you have
misspelled it (e.g., `\hobx'), type `I' and the correct
spelling (e.g., `I\hbox'). Otherwise just continue,
and I'll forget about whatever was undefined.

/media/xxx/233-3/PycharmProjects/TRINUE/docs/paper_zh.tex:23: Undefined control sequence.
tryif@simple #1-#2tryif@simple ->let reserved@f 
                                                try@simples if >#2dimen@ #1p...
l.23 
     
The control sequence at the end of the top line
of your error message was never \def'ed. If you have
misspelled it (e.g., `\hobx'), type `I' and the correct
spelling (e.g., `I\hbox'). Otherwise just continue,
and I'll forget about whatever was undefined.

/media/xxx/233-3/PycharmProjects/TRINUE/docs/paper_zh.tex:23: Undefined control sequence.
tryif@simple #1-#2tryif@simple ->let reserved@f 
                                                try@simples if >#2dimen@ #1p...
l.23 
     
The control sequence at the end of the top line
of your error message was never \def'ed. If you have
misspelled it (e.g., `\hobx'), type `I' and the correct
spelling (e.g., `I\hbox'). Otherwise just continue,
and I'll forget about whatever was undefined.

/media/xxx/233-3/PycharmProjects/TRINUE/docs/paper_zh.tex:23: Undefined control sequence.
tryif@simple #1-#2tryif@simple ->let reserved@f 
                                                try@simples if >#2dimen@ #1p...
l.23 
     
The control sequence at the end of the top line
of your error message was never \def'ed. If you have
misspelled it (e.g., `\hobx'), type `I' and the correct
spelling (e.g., `I\hbox'). Otherwise just continue,
and I'll forget about whatever was undefined.

/media/xxx/233-3/PycharmProjects/TRINUE/docs/paper_zh.tex:23: Undefined control sequence.
tryif@simple #1-#2tryif@simple ->let reserved@f 
                                                try@simples if >#2dimen@ #1p...
l.23 
     
The control sequence at the end of the top line
of your error message was never \def'ed. If you have
misspelled it (e.g., `\hobx'), type `I' and the correct
spelling (e.g., `I\hbox'). Otherwise just continue,
and I'll forget about whatever was undefined.

/media/xxx/233-3/PycharmProjects/TRINUE/docs/paper_zh.tex:23: Undefined control sequence.
tryif@simple #1-#2tryif@simple ->let reserved@f 
                                                try@simples if >#2dimen@ #1p...
l.23 
     
The control sequence at the end of the top line
of your error message was never \def'ed. If you have
misspelled it (e.g., `\hobx'), type `I' and the correct
spelling (e.g., `I\hbox'). Otherwise just continue,
and I'll forget about whatever was undefined.

/media/xxx/233-3/PycharmProjects/TRINUE/docs/paper_zh.tex:23: Undefined control sequence.
tryif@simple #1-#2tryif@simple ->let reserved@f 
                                                try@simples if >#2dimen@ #1p...
l.23 
     
The control sequence at the end of the top line
of your error message was never \def'ed. If you have
misspelled it (e.g., `\hobx'), type `I' and the correct
spelling (e.g., `I\hbox'). Otherwise just continue,
and I'll forget about whatever was undefined.

/media/xxx/233-3/PycharmProjects/TRINUE/docs/paper_zh.tex:23: Undefined control sequence.
tryif@simple #1-#2tryif@simple ->let reserved@f 
                                                try@simples if >#2dimen@ #1p...
l.23 
     
The control sequence at the end of the top line
of your error message was never \def'ed. If you have
misspelled it (e.g., `\hobx'), type `I' and the correct
spelling (e.g., `I\hbox'). Otherwise just continue,
and I'll forget about whatever was undefined.

/media/xxx/233-3/PycharmProjects/TRINUE/docs/paper_zh.tex:23: Undefined control sequence.
tryif@simple #1-#2tryif@simple ->let reserved@f 
                                                try@simples if >#2dimen@ #1p...
l.23 
     
The control sequence at the end of the top line
of your error message was never \def'ed. If you have
misspelled it (e.g., `\hobx'), type `I' and the correct
spelling (e.g., `I\hbox'). Otherwise just continue,
and I'll forget about whatever was undefined.

/media/xxx/233-3/PycharmProjects/TRINUE/docs/paper_zh.tex:23: Undefined control sequence.
tryif@simple #1-#2tryif@simple ->let reserved@f 
                                                try@simples if >#2dimen@ #1p...
l.23 
     
The control sequence at the end of the top line
of your error message was never \def'ed. If you have
misspelled it (e.g., `\hobx'), type `I' and the correct
spelling (e.g., `I\hbox'). Otherwise just continue,
and I'll forget about whatever was undefined.

/media/xxx/233-3/PycharmProjects/TRINUE/docs/paper_zh.tex:23: Undefined control sequence.
tryif@simple #1-#2tryif@simple ->let reserved@f 
                                                try@simples if >#2dimen@ #1p...
l.23 
     
The control sequence at the end of the top line
of your error message was never \def'ed. If you have
misspelled it (e.g., `\hobx'), type `I' and the correct
spelling (e.g., `I\hbox'). Otherwise just continue,
and I'll forget about whatever was undefined.

/media/xxx/233-3/PycharmProjects/TRINUE/docs/paper_zh.tex:23: Undefined control sequence.
tryif@simple #1-#2tryif@simple ->let reserved@f 
                                                try@simples if >#2dimen@ #1p...
l.23 
     
The control sequence at the end of the top line
of your error message was never \def'ed. If you have
misspelled it (e.g., `\hobx'), type `I' and the correct
spelling (e.g., `I\hbox'). Otherwise just continue,
and I'll forget about whatever was undefined.

/media/xxx/233-3/PycharmProjects/TRINUE/docs/paper_zh.tex:23: Undefined control sequence.
tryif@simple #1-#2tryif@simple ->let reserved@f 
                                                try@simples if >#2dimen@ #1p...
l.23 
     
The control sequence at the end of the top line
of your error message was never \def'ed. If you have
misspelled it (e.g., `\hobx'), type `I' and the correct
spelling (e.g., `I\hbox'). Otherwise just continue,
and I'll forget about whatever was undefined.

/media/xxx/233-3/PycharmProjects/TRINUE/docs/paper_zh.tex:23: Undefined control sequence.
tryif@simple #1-#2tryif@simple ->let reserved@f 
                                                try@simples if >#2dimen@ #1p...
l.23 
     
The control sequence at the end of the top line
of your error message was never \def'ed. If you have
misspelled it (e.g., `\hobx'), type `I' and the correct
spelling (e.g., `I\hbox'). Otherwise just continue,
and I'll forget about whatever was undefined.

/media/xxx/233-3/PycharmProjects/TRINUE/docs/paper_zh.tex:23: Undefined control sequence.
tryif@simple #1-#2tryif@simple ->let reserved@f 
                                                try@simples if >#2dimen@ #1p...
l.23 
     
The control sequence at the end of the top line
of your error message was never \def'ed. If you have
misspelled it (e.g., `\hobx'), type `I' and the correct
spelling (e.g., `I\hbox'). Otherwise just continue,
and I'll forget about whatever was undefined.

/media/xxx/233-3/PycharmProjects/TRINUE/docs/paper_zh.tex:23: Undefined control sequence.
tryif@simple #1-#2tryif@simple ->let reserved@f 
                                                try@simples if >#2dimen@ #1p...
l.23 
     
The control sequence at the end of the top line
of your error message was never \def'ed. If you have
misspelled it (e.g., `\hobx'), type `I' and the correct
spelling (e.g., `I\hbox'). Otherwise just continue,
and I'll forget about whatever was undefined.

/media/xxx/233-3/PycharmProjects/TRINUE/docs/paper_zh.tex:23: Undefined control sequence.
tryif@simple #1-#2tryif@simple ->let reserved@f 
                                                try@simples if >#2dimen@ #1p...
l.23 
     
The control sequence at the end of the top line
of your error message was never \def'ed. If you have
misspelled it (e.g., `\hobx'), type `I' and the correct
spelling (e.g., `I\hbox'). Otherwise just continue,
and I'll forget about whatever was undefined.

/media/xxx/233-3/PycharmProjects/TRINUE/docs/paper_zh.tex:23: Undefined control sequence.
tryif@simple #1-#2tryif@simple ->let reserved@f 
                                                try@simples if >#2dimen@ #1p...
l.23 
     
The control sequence at the end of the top line
of your error message was never \def'ed. If you have
misspelled it (e.g., `\hobx'), type `I' and the correct
spelling (e.g., `I\hbox'). Otherwise just continue,
and I'll forget about whatever was undefined.

/media/xxx/233-3/PycharmProjects/TRINUE/docs/paper_zh.tex:23: Undefined control sequence.
tryif@simple #1-#2tryif@simple ->let reserved@f 
                                                try@simples if >#2dimen@ #1p...
l.23 
     
The control sequence at the end of the top line
of your error message was never \def'ed. If you have
misspelled it (e.g., `\hobx'), type `I' and the correct
spelling (e.g., `I\hbox'). Otherwise just continue,
and I'll forget about whatever was undefined.

/media/xxx/233-3/PycharmProjects/TRINUE/docs/paper_zh.tex:23: Undefined control sequence.
tryif@simple #1-#2tryif@simple ->let reserved@f 
                                                try@simples if >#2dimen@ #1p...
l.23 
     
The control sequence at the end of the top line
of your error message was never \def'ed. If you have
misspelled it (e.g., `\hobx'), type `I' and the correct
spelling (e.g., `I\hbox'). Otherwise just continue,
and I'll forget about whatever was undefined.

/media/xxx/233-3/PycharmProjects/TRINUE/docs/paper_zh.tex:23: Undefined control sequence.
tryif@simple #1-#2tryif@simple ->let reserved@f 
                                                try@simples if >#2dimen@ #1p...
l.23 
     
The control sequence at the end of the top line
of your error message was never \def'ed. If you have
misspelled it (e.g., `\hobx'), type `I' and the correct
spelling (e.g., `I\hbox'). Otherwise just continue,
and I'll forget about whatever was undefined.

/media/xxx/233-3/PycharmProjects/TRINUE/docs/paper_zh.tex:23: Undefined control sequence.
tryif@simple #1-#2tryif@simple ->let reserved@f 
                                                try@simples if >#2dimen@ #1p...
l.23 
     
The control sequence at the end of the top line
of your error message was never \def'ed. If you have
misspelled it (e.g., `\hobx'), type `I' and the correct
spelling (e.g., `I\hbox'). Otherwise just continue,
and I'll forget about whatever was undefined.

/media/xxx/233-3/PycharmProjects/TRINUE/docs/paper_zh.tex:23: Undefined control sequence.
tryif@simple #1-#2tryif@simple ->let reserved@f 
                                                try@simples if >#2dimen@ #1p...
l.23 
     
The control sequence at the end of the top line
of your error message was never \def'ed. If you have
misspelled it (e.g., `\hobx'), type `I' and the correct
spelling (e.g., `I\hbox'). Otherwise just continue,
and I'll forget about whatever was undefined.

/media/xxx/233-3/PycharmProjects/TRINUE/docs/paper_zh.tex:23: Undefined control sequence.
tryif@simple #1-#2tryif@simple ->let reserved@f 
                                                try@simples if >#2dimen@ #1p...
l.23 
     
The control sequence at the end of the top line
of your error message was never \def'ed. If you have
misspelled it (e.g., `\hobx'), type `I' and the correct
spelling (e.g., `I\hbox'). Otherwise just continue,
and I'll forget about whatever was undefined.

/media/xxx/233-3/PycharmProjects/TRINUE/docs/paper_zh.tex:23: Undefined control sequence.
tryif@simple #1-#2tryif@simple ->let reserved@f 
                                                try@simples if >#2dimen@ #1p...
l.23 
     
The control sequence at the end of the top line
of your error message was never \def'ed. If you have
misspelled it (e.g., `\hobx'), type `I' and the correct
spelling (e.g., `I\hbox'). Otherwise just continue,
and I'll forget about whatever was undefined.

/media/xxx/233-3/PycharmProjects/TRINUE/docs/paper_zh.tex:23: Undefined control sequence.
tryif@simple #1-#2tryif@simple ->let reserved@f 
                                                try@simples if >#2dimen@ #1p...
l.23 
     
The control sequence at the end of the top line
of your error message was never \def'ed. If you have
misspelled it (e.g., `\hobx'), type `I' and the correct
spelling (e.g., `I\hbox'). Otherwise just continue,
and I'll forget about whatever was undefined.

/media/xxx/233-3/PycharmProjects/TRINUE/docs/paper_zh.tex:23: Undefined control sequence.
tryif@simple #1-#2tryif@simple ->let reserved@f 
                                                try@simples if >#2dimen@ #1p...
l.23 
     
The control sequence at the end of the top line
of your error message was never \def'ed. If you have
misspelled it (e.g., `\hobx'), type `I' and the correct
spelling (e.g., `I\hbox'). Otherwise just continue,
and I'll forget about whatever was undefined.

/media/xxx/233-3/PycharmProjects/TRINUE/docs/paper_zh.tex:23: Undefined control sequence.
tryif@simple #1-#2tryif@simple ->let reserved@f 
                                                try@simples if >#2dimen@ #1p...
l.23 
     
The control sequence at the end of the top line
of your error message was never \def'ed. If you have
misspelled it (e.g., `\hobx'), type `I' and the correct
spelling (e.g., `I\hbox'). Otherwise just continue,
and I'll forget about whatever was undefined.

/media/xxx/233-3/PycharmProjects/TRINUE/docs/paper_zh.tex:23: Undefined control sequence.
tryif@simple #1-#2tryif@simple ->let reserved@f 
                                                try@simples if >#2dimen@ #1p...
l.23 
     
The control sequence at the end of the top line
of your error message was never \def'ed. If you have
misspelled it (e.g., `\hobx'), type `I' and the correct
spelling (e.g., `I\hbox'). Otherwise just continue,
and I'll forget about whatever was undefined.

/media/xxx/233-3/PycharmProjects/TRINUE/docs/paper_zh.tex:23: Undefined control sequence.
tryif@simple #1-#2tryif@simple ->let reserved@f 
                                                try@simples if >#2dimen@ #1p...
l.23 
     
The control sequence at the end of the top line
of your error message was never \def'ed. If you have
misspelled it (e.g., `\hobx'), type `I' and the correct
spelling (e.g., `I\hbox'). Otherwise just continue,
and I'll forget about whatever was undefined.

/media/xxx/233-3/PycharmProjects/TRINUE/docs/paper_zh.tex:23: Undefined control sequence.
tryif@simple #1-#2tryif@simple ->let reserved@f 
                                                try@simples if >#2dimen@ #1p...
l.23 
     
The control sequence at the end of the top line
of your error message was never \def'ed. If you have
misspelled it (e.g., `\hobx'), type `I' and the correct
spelling (e.g., `I\hbox'). Otherwise just continue,
and I'll forget about whatever was undefined.

/media/xxx/233-3/PycharmProjects/TRINUE/docs/paper_zh.tex:23: Undefined control sequence.
tryif@simple #1-#2tryif@simple ->let reserved@f 
                                                try@simples if >#2dimen@ #1p...
l.23 
     
The control sequence at the end of the top line
of your error message was never \def'ed. If you have
misspelled it (e.g., `\hobx'), type `I' and the correct
spelling (e.g., `I\hbox'). Otherwise just continue,
and I'll forget about whatever was undefined.

/media/xxx/233-3/PycharmProjects/TRINUE/docs/paper_zh.tex:23: Undefined control sequence.
tryif@simple #1-#2tryif@simple ->let reserved@f 
                                                try@simples if >#2dimen@ #1p...
l.23 
     
The control sequence at the end of the top line
of your error message was never \def'ed. If you have
misspelled it (e.g., `\hobx'), type `I' and the correct
spelling (e.g., `I\hbox'). Otherwise just continue,
and I'll forget about whatever was undefined.

/media/xxx/233-3/PycharmProjects/TRINUE/docs/paper_zh.tex:23: Undefined control sequence.
tryif@simple #1-#2tryif@simple ->let reserved@f 
                                                try@simples if >#2dimen@ #1p...
l.23 
     
The control sequence at the end of the top line
of your error message was never \def'ed. If you have
misspelled it (e.g., `\hobx'), type `I' and the correct
spelling (e.g., `I\hbox'). Otherwise just continue,
and I'll forget about whatever was undefined.

/media/xxx/233-3/PycharmProjects/TRINUE/docs/paper_zh.tex:23: Undefined control sequence.
tryif@simple #1-#2tryif@simple ->let reserved@f 
                                                try@simples if >#2dimen@ #1p...
l.23 
     
The control sequence at the end of the top line
of your error message was never \def'ed. If you have
misspelled it (e.g., `\hobx'), type `I' and the correct
spelling (e.g., `I\hbox'). Otherwise just continue,
and I'll forget about whatever was undefined.

/media/xxx/233-3/PycharmProjects/TRINUE/docs/paper_zh.tex:23: Undefined control sequence.
tryif@simple #1-#2tryif@simple ->let reserved@f 
                                                try@simples if >#2dimen@ #1p...
l.23 
     
The control sequence at the end of the top line
of your error message was never \def'ed. If you have
misspelled it (e.g., `\hobx'), type `I' and the correct
spelling (e.g., `I\hbox'). Otherwise just continue,
and I'll forget about whatever was undefined.

/media/xxx/233-3/PycharmProjects/TRINUE/docs/paper_zh.tex:23: Undefined control sequence.
tryif@simple #1-#2tryif@simple ->let reserved@f 
                                                try@simples if >#2dimen@ #1p...
l.23 
     
The control sequence at the end of the top line
of your error message was never \def'ed. If you have
misspelled it (e.g., `\hobx'), type `I' and the correct
spelling (e.g., `I\hbox'). Otherwise just continue,
and I'll forget about whatever was undefined.

/media/xxx/233-3/PycharmProjects/TRINUE/docs/paper_zh.tex:23: Undefined control sequence.
tryif@simple #1-#2tryif@simple ->let reserved@f 
                                                try@simples if >#2dimen@ #1p...
l.23 
     
The control sequence at the end of the top line
of your error message was never \def'ed. If you have
misspelled it (e.g., `\hobx'), type `I' and the correct
spelling (e.g., `I\hbox'). Otherwise just continue,
and I'll forget about whatever was undefined.

/media/xxx/233-3/PycharmProjects/TRINUE/docs/paper_zh.tex:23: Undefined control sequence.
tryif@simple #1-#2tryif@simple ->let reserved@f 
                                                try@simples if >#2dimen@ #1p...
l.23 
     
The control sequence at the end of the top line
of your error message was never \def'ed. If you have
misspelled it (e.g., `\hobx'), type `I' and the correct
spelling (e.g., `I\hbox'). Otherwise just continue,
and I'll forget about whatever was undefined.

/media/xxx/233-3/PycharmProjects/TRINUE/docs/paper_zh.tex:23: Undefined control sequence.
tryif@simple #1-#2tryif@simple ->let reserved@f 
                                                try@simples if >#2dimen@ #1p...
l.23 
     
The control sequence at the end of the top line
of your error message was never \def'ed. If you have
misspelled it (e.g., `\hobx'), type `I' and the correct
spelling (e.g., `I\hbox'). Otherwise just continue,
and I'll forget about whatever was undefined.

/media/xxx/233-3/PycharmProjects/TRINUE/docs/paper_zh.tex:23: Undefined control sequence.
tryif@simple #1-#2tryif@simple ->let reserved@f 
                                                try@simples if >#2dimen@ #1p...
l.23 
     
The control sequence at the end of the top line
of your error message was never \def'ed. If you have
misspelled it (e.g., `\hobx'), type `I' and the correct
spelling (e.g., `I\hbox'). Otherwise just continue,
and I'll forget about whatever was undefined.

/media/xxx/233-3/PycharmProjects/TRINUE/docs/paper_zh.tex:23: Undefined control sequence.
tryif@simple #1-#2tryif@simple ->let reserved@f 
                                                try@simples if >#2dimen@ #1p...
l.23 
     
The control sequence at the end of the top line
of your error message was never \def'ed. If you have
misspelled it (e.g., `\hobx'), type `I' and the correct
spelling (e.g., `I\hbox'). Otherwise just continue,
and I'll forget about whatever was undefined.

/media/xxx/233-3/PycharmProjects/TRINUE/docs/paper_zh.tex:23: Undefined control sequence.
tryif@simple #1-#2tryif@simple ->let reserved@f 
                                                try@simples if >#2dimen@ #1p...
l.23 
     
The control sequence at the end of the top line
of your error message was never \def'ed. If you have
misspelled it (e.g., `\hobx'), type `I' and the correct
spelling (e.g., `I\hbox'). Otherwise just continue,
and I'll forget about whatever was undefined.

/media/xxx/233-3/PycharmProjects/TRINUE/docs/paper_zh.tex:23: Undefined control sequence.
tryif@simple #1-#2tryif@simple ->let reserved@f 
                                                try@simples if >#2dimen@ #1p...
l.23 
     
The control sequence at the end of the top line
of your error message was never \def'ed. If you have
misspelled it (e.g., `\hobx'), type `I' and the correct
spelling (e.g., `I\hbox'). Otherwise just continue,
and I'll forget about whatever was undefined.

/media/xxx/233-3/PycharmProjects/TRINUE/docs/paper_zh.tex:23: Undefined control sequence.
tryif@simple #1-#2tryif@simple ->let reserved@f 
                                                try@simples if >#2dimen@ #1p...
l.23 
     
The control sequence at the end of the top line
of your error message was never \def'ed. If you have
misspelled it (e.g., `\hobx'), type `I' and the correct
spelling (e.g., `I\hbox'). Otherwise just continue,
and I'll forget about whatever was undefined.

/media/xxx/233-3/PycharmProjects/TRINUE/docs/paper_zh.tex:23: Undefined control sequence.
tryif@simple #1-#2tryif@simple ->let reserved@f 
                                                try@simples if >#2dimen@ #1p...
l.23 
     
The control sequence at the end of the top line
of your error message was never \def'ed. If you have
misspelled it (e.g., `\hobx'), type `I' and the correct
spelling (e.g., `I\hbox'). Otherwise just continue,
and I'll forget about whatever was undefined.

/media/xxx/233-3/PycharmProjects/TRINUE/docs/paper_zh.tex:23: Undefined control sequence.
tryif@simple #1-#2tryif@simple ->let reserved@f 
                                                try@simples if >#2dimen@ #1p...
l.23 
     
The control sequence at the end of the top line
of your error message was never \def'ed. If you have
misspelled it (e.g., `\hobx'), type `I' and the correct
spelling (e.g., `I\hbox'). Otherwise just continue,
and I'll forget about whatever was undefined.

/media/xxx/233-3/PycharmProjects/TRINUE/docs/paper_zh.tex:23: Undefined control sequence.
tryif@simple #1-#2tryif@simple ->let reserved@f 
                                                try@simples if >#2dimen@ #1p...
l.23 
     
The control sequence at the end of the top line
of your error message was never \def'ed. If you have
misspelled it (e.g., `\hobx'), type `I' and the correct
spelling (e.g., `I\hbox'). Otherwise just continue,
and I'll forget about whatever was undefined.

/media/xxx/233-3/PycharmProjects/TRINUE/docs/paper_zh.tex:23: Undefined control sequence.
tryif@simple #1-#2tryif@simple ->let reserved@f 
                                                try@simples if >#2dimen@ #1p...
l.23 
     
(That makes 100 errors; please try again.) 
Here is how much of TeX's memory you used:
 13378 strings out of 481239
 206199 string characters out of 5920377
 483954 words of memory out of 5000000
 28378 multiletter control sequences out of 15000+600000
 538158 words of font info for 47 fonts, out of 8000000 for 9000
 1141 hyphenation exceptions out of 8191
 109i,8n,203p,542b,314s stack positions out of 5000i,500n,10000p,200000b,80000s

/media/xxx/233-3/PycharmProjects/TRINUE/docs/paper_zh.tex:23:  ==> Fatal error occurred, no output PDF file produced!
